
> build
> vite build

[36mvite v7.3.1 [32mbuilding client environment for production...[36m[39m
[plugin @laravel/vite-plugin-wayfinder] Types generated for actions, routes, form variants
transforming...
[32mΓ£ô[39m 389 modules transformed.
node.exe : [31mΓ£ù[39m 
Build failed in 16.44s
At C:\Program 
Files\nodejs\npm.ps1:29 char:3
+   & $NODE_EXE $NPM_CLI_JS 
$args
+   
~~~~~~~~~~~~~~~~~~~~~~~~~~~~~
    + CategoryInfo            
  : NotSpecified: ([31m    
Γ£ù[39m Build failed i    n 
16.44s:String) [], Re    
moteException
    + FullyQualifiedErrorId   
  : NativeCommandError
 
[31merror during build:
[31m[vite:load-fallback] 
Could not load /resources/js/r
outes/appearance (imported by 
resources/js/pages/settings/ap
pearance.tsx): ENOENT: no 
such file or directory, open '
C:\resources\js\routes\appeara
nce'[31m
    at async open (node:intern
al/fs/promises:639:25)
    at async Object.readFile (
node:internal/fs/promises:1243
:14)
    at async Object.handler (f
ile:///C:/Users/Prinz%20Tsabio
/Herd/e-library2/node_modules/
vite/dist/node/chunks/config.j
s:33169:21)
    at async PluginDriver.hook
FirstAndGetPlugin (file:///C:/
Users/Prinz%20Tsabio/Herd/e-li
brary2/node_modules/rollup/dis
t/es/shared/node-entry.js:2245
3:28)
    at async file:///C:/Users/
Prinz%20Tsabio/Herd/e-library2
/node_modules/rollup/dist/es/s
hared/node-entry.js:21445:33
    at async Queue.work (file:
///C:/Users/Prinz%20Tsabio/Her
d/e-library2/node_modules/roll
up/dist/es/shared/node-entry.j
s:22681:32)[39m
