﻿
> build
> vite build

[36mvite v7.3.1 [32mbuilding client environment for production...[36m[39m
[plugin @laravel/vite-plugin-wayfinder] Types generated for actions, routes, form variants
transforming...
[32mΓ£ô[39m 1396 modules transformed.
node.exe : [31mΓ£ù[39m 
Build failed in 20.48s
At C:\Program 
Files\nodejs\npm.ps1:29 
char:3
+   & $NODE_EXE $NPM_CLI_JS 
$args
+   ~~~~~~~~~~~~~~~~~~~~~~~~
~~~~~
    + CategoryInfo          
    : NotSpecified: ([31m  
  Γ£ù[39m Build failed i   
 n 20.48s:String) [], Re    
moteException
    + FullyQualifiedErrorId 
    : NativeCommandError
 
[31merror during build:
[31m[vite:load-fallback] 
Could not load /resources/js
/actions/App/Http/Controller
s/Settings/ProfileController
 (imported by resources/js/p
ages/settings/profile.tsx): 
ENOENT: no such file or 
directory, open 'C:\resource
s\js\actions\App\Http\Contro
llers\Settings\ProfileContro
ller'[31m
    at async open (node:inte
rnal/fs/promises:639:25)
    at async 
Object.readFile (node:intern
al/fs/promises:1243:14)
    at async Object.handler 
(file:///C:/Users/Prinz%20Ts
abio/Herd/e-library2/node_mo
dules/vite/dist/node/chunks/
config.js:33169:21)
    at async PluginDriver.ho
okFirstAndGetPlugin (file://
/C:/Users/Prinz%20Tsabio/Her
d/e-library2/node_modules/ro
llup/dist/es/shared/node-ent
ry.js:22453:28)
    at async file:///C:/User
s/Prinz%20Tsabio/Herd/e-libr
ary2/node_modules/rollup/dis
t/es/shared/node-entry.js:21
445:33
    at async Queue.work (fil
e:///C:/Users/Prinz%20Tsabio
/Herd/e-library2/node_module
s/rollup/dist/es/shared/node
-entry.js:22681:32)[39m
